{
  "generated_at": "2025-10-04T18:37:12.956372",
  "artifacts_dir": "C:\\Experimentation\\Financial-SDG-GARCH\\artifacts",
  "files": {
    "results_consolidated.xlsx": {
      "size": 25301043,
      "hash": "fe53884e94ae477afcc29f5576d08fdd86e7cb47532b12023bb1e86d84ab16ff",
      "modified": "2025-09-29T16:13:21.534507",
      "created": "2025-09-28T18:12:32.649490"
    }
  }
}