Model,MSE,MAE
sGARCH,0.001,0.01
eGARCH,0.002,0.02
